Case #1: 0
Case #2: 3
Case #3: 1
Case #4: 2
Case #5: 1
Case #6: 3
Case #7: 146
Case #8: 2637
Case #9: 32
Case #10: 5125
Case #11: 401
Case #12: 27
Case #13: 40
Case #14: 46
Case #15: 3008
Case #16: 10
Case #17: 900
Case #18: 14
Case #19: 4741
Case #20: 535
Case #21: 45
Case #22: 240
Case #23: 5352
Case #24: 13
Case #25: 1
Case #26: 340
Case #27: 1922
Case #28: 1
Case #29: 42
Case #30: 2
Case #31: 1
Case #32: 5439
Case #33: 1941
Case #34: 98
Case #35: 4582
Case #36: 517
Case #37: 206
Case #38: 0
Case #39: 260
Case #40: 502
Case #41: 5102
Case #42: 349
Case #43: 262
Case #44: 482
Case #45: 4794
Case #46: 0
Case #47: 1222
Case #48: 1
Case #49: 2519
Case #50: 2562
Case #51: 3
Case #52: 32
Case #53: 3821
Case #54: 4188
Case #55: 45
Case #56: 289
Case #57: 2
Case #58: 11112
Case #59: 4448
Case #60: 536
Case #61: 1
Case #62: 1700
Case #63: 798
Case #64: 1
Case #65: 3
Case #66: 1245
Case #67: 25
Case #68: 364
Case #69: 1877
Case #70: 0
Case #71: 2667
Case #72: 469
Case #73: 2498
Case #74: 0
Case #75: 5489
Case #76: 394
Case #77: 512
Case #78: 3351
Case #79: 5
Case #80: 4628
Case #81: 0
Case #82: 3812
Case #83: 554
Case #84: 4430
Case #85: 2639
Case #86: 0
Case #87: 27
Case #88: 3553
Case #89: 0
Case #90: 16
Case #91: 1
Case #92: 305
Case #93: 4784
Case #94: 496
Case #95: 4592
Case #96: 3957
Case #97: 4402
Case #98: 3348
Case #99: 353
Case #100: 2
